// Jest Snapshot v1, https://goo.gl/fbAQLP

exports[`>>>SnackBar --- Snapshot +++capturing Snapshot of SnackBar 1`] = `
<div
  className="snackBar "
/>
`;
